// Jest Snapshot v1, https://goo.gl/fbAQLP

exports[`renders Breadcrumb component 1`] = `
<div
  className="sc-bcXHqe kpzvnF"
>
  <div>
    <a
      href="/"
      onClick={[Function]}
    >
      Home
    </a>
    <svg
      aria-hidden="true"
      className="svg-inline--fa fa-angles-right fa-2xs "
      data-icon="angles-right"
      data-prefix="fas"
      focusable="false"
      role="img"
      style={Object {}}
      viewBox="0 0 512 512"
      xmlns="http://www.w3.org/2000/svg"
    >
      <path
        d="M470.6 278.6c12.5-12.5 12.5-32.8 0-45.3l-160-160c-12.5-12.5-32.8-12.5-45.3 0s-12.5 32.8 0 45.3L402.7 256 265.4 393.4c-12.5 12.5-12.5 32.8 0 45.3s32.8 12.5 45.3 0l160-160zm-352 160l160-160c12.5-12.5 12.5-32.8 0-45.3l-160-160c-12.5-12.5-32.8-12.5-45.3 0s-12.5 32.8 0 45.3L210.7 256 73.4 393.4c-12.5 12.5-12.5 32.8 0 45.3s32.8 12.5 45.3 0z"
        fill="currentColor"
        style={Object {}}
      />
    </svg>
  </div>
  <div>
    <a
      href="/section"
      onClick={[Function]}
    >
      Section
    </a>
    <svg
      aria-hidden="true"
      className="svg-inline--fa fa-angles-right fa-2xs "
      data-icon="angles-right"
      data-prefix="fas"
      focusable="false"
      role="img"
      style={Object {}}
      viewBox="0 0 512 512"
      xmlns="http://www.w3.org/2000/svg"
    >
      <path
        d="M470.6 278.6c12.5-12.5 12.5-32.8 0-45.3l-160-160c-12.5-12.5-32.8-12.5-45.3 0s-12.5 32.8 0 45.3L402.7 256 265.4 393.4c-12.5 12.5-12.5 32.8 0 45.3s32.8 12.5 45.3 0l160-160zm-352 160l160-160c12.5-12.5 12.5-32.8 0-45.3l-160-160c-12.5-12.5-32.8-12.5-45.3 0s-12.5 32.8 0 45.3L210.7 256 73.4 393.4c-12.5 12.5-12.5 32.8 0 45.3s32.8 12.5 45.3 0z"
        fill="currentColor"
        style={Object {}}
      />
    </svg>
  </div>
  <div>
    <a
      href="/section/sub-section"
      onClick={[Function]}
    >
      Sub-Section
    </a>
    <svg
      aria-hidden="true"
      className="svg-inline--fa fa-angles-right fa-2xs "
      data-icon="angles-right"
      data-prefix="fas"
      focusable="false"
      role="img"
      style={Object {}}
      viewBox="0 0 512 512"
      xmlns="http://www.w3.org/2000/svg"
    >
      <path
        d="M470.6 278.6c12.5-12.5 12.5-32.8 0-45.3l-160-160c-12.5-12.5-32.8-12.5-45.3 0s-12.5 32.8 0 45.3L402.7 256 265.4 393.4c-12.5 12.5-12.5 32.8 0 45.3s32.8 12.5 45.3 0l160-160zm-352 160l160-160c12.5-12.5 12.5-32.8 0-45.3l-160-160c-12.5-12.5-32.8-12.5-45.3 0s-12.5 32.8 0 45.3L210.7 256 73.4 393.4c-12.5 12.5-12.5 32.8 0 45.3s32.8 12.5 45.3 0z"
        fill="currentColor"
        style={Object {}}
      />
    </svg>
  </div>
  <span>
    Current sub-sub-section
  </span>
</div>
`;
